Archive member included because of file (symbol)

c:/program files (x86)/atmel/atmel toolchain/avr32 gcc/native/3.4.2.365/avr32-gnu-toolchain/bin/../lib/gcc/avr32/4.4.7/ucr3fp\libgcc.a(_udivdi3.o)
                              src/ASF/avr32/components/display/et024006dhu/et024006dhu.o (__avr32_udiv64)
c:/program files (x86)/atmel/atmel toolchain/avr32 gcc/native/3.4.2.365/avr32-gnu-toolchain/bin/../lib/gcc/avr32/4.4.7/../../../../avr32/lib/ucr3fp\libc.a(lib_a-fclose.o)
                              src/can_task.o (fclose)
c:/program files (x86)/atmel/atmel toolchain/avr32 gcc/native/3.4.2.365/avr32-gnu-toolchain/bin/../lib/gcc/avr32/4.4.7/../../../../avr32/lib/ucr3fp\libc.a(lib_a-fflush.o)
                              c:/program files (x86)/atmel/atmel toolchain/avr32 gcc/native/3.4.2.365/avr32-gnu-toolchain/bin/../lib/gcc/avr32/4.4.7/../../../../avr32/lib/ucr3fp\libc.a(lib_a-fclose.o) (_fflush_r)
c:/program files (x86)/atmel/atmel toolchain/avr32 gcc/native/3.4.2.365/avr32-gnu-toolchain/bin/../lib/gcc/avr32/4.4.7/../../../../avr32/lib/ucr3fp\libc.a(lib_a-findfp.o)
                              c:/program files (x86)/atmel/atmel toolchain/avr32 gcc/native/3.4.2.365/avr32-gnu-toolchain/bin/../lib/gcc/avr32/4.4.7/../../../../avr32/lib/ucr3fp\libc.a(lib_a-fclose.o) (__sfp_lock_acquire)
c:/program files (x86)/atmel/atmel toolchain/avr32 gcc/native/3.4.2.365/avr32-gnu-toolchain/bin/../lib/gcc/avr32/4.4.7/../../../../avr32/lib/ucr3fp\libc.a(lib_a-fopen.o)
                              src/can_task.o (fopen)
c:/program files (x86)/atmel/atmel toolchain/avr32 gcc/native/3.4.2.365/avr32-gnu-toolchain/bin/../lib/gcc/avr32/4.4.7/../../../../avr32/lib/ucr3fp\libc.a(lib_a-fread.o)
                              src/can_task.o (fread)
c:/program files (x86)/atmel/atmel toolchain/avr32 gcc/native/3.4.2.365/avr32-gnu-toolchain/bin/../lib/gcc/avr32/4.4.7/../../../../avr32/lib/ucr3fp\libc.a(lib_a-freer.o)
                              c:/program files (x86)/atmel/atmel toolchain/avr32 gcc/native/3.4.2.365/avr32-gnu-toolchain/bin/../lib/gcc/avr32/4.4.7/../../../../avr32/lib/ucr3fp\libc.a(lib_a-fclose.o) (_free_r)
c:/program files (x86)/atmel/atmel toolchain/avr32 gcc/native/3.4.2.365/avr32-gnu-toolchain/bin/../lib/gcc/avr32/4.4.7/../../../../avr32/lib/ucr3fp\libc.a(lib_a-fseek.o)
                              c:/program files (x86)/atmel/atmel toolchain/avr32 gcc/native/3.4.2.365/avr32-gnu-toolchain/bin/../lib/gcc/avr32/4.4.7/../../../../avr32/lib/ucr3fp\libc.a(lib_a-fopen.o) (_fseek_r)
c:/program files (x86)/atmel/atmel toolchain/avr32 gcc/native/3.4.2.365/avr32-gnu-toolchain/bin/../lib/gcc/avr32/4.4.7/../../../../avr32/lib/ucr3fp\libc.a(lib_a-fstatr.o)
                              c:/program files (x86)/atmel/atmel toolchain/avr32 gcc/native/3.4.2.365/avr32-gnu-toolchain/bin/../lib/gcc/avr32/4.4.7/../../../../avr32/lib/ucr3fp\libc.a(lib_a-fseek.o) (_fstat_r)
c:/program files (x86)/atmel/atmel toolchain/avr32 gcc/native/3.4.2.365/avr32-gnu-toolchain/bin/../lib/gcc/avr32/4.4.7/../../../../avr32/lib/ucr3fp\libc.a(lib_a-fwalk.o)
                              c:/program files (x86)/atmel/atmel toolchain/avr32 gcc/native/3.4.2.365/avr32-gnu-toolchain/bin/../lib/gcc/avr32/4.4.7/../../../../avr32/lib/ucr3fp\libc.a(lib_a-fflush.o) (_fwalk_reent)
c:/program files (x86)/atmel/atmel toolchain/avr32 gcc/native/3.4.2.365/avr32-gnu-toolchain/bin/../lib/gcc/avr32/4.4.7/../../../../avr32/lib/ucr3fp\libc.a(lib_a-fwrite.o)
                              src/can_task.o (fwrite)
c:/program files (x86)/atmel/atmel toolchain/avr32 gcc/native/3.4.2.365/avr32-gnu-toolchain/bin/../lib/gcc/avr32/4.4.7/../../../../avr32/lib/ucr3fp\libc.a(lib_a-impure.o)
                              src/main.o (_impure_ptr)
c:/program files (x86)/atmel/atmel toolchain/avr32 gcc/native/3.4.2.365/avr32-gnu-toolchain/bin/../lib/gcc/avr32/4.4.7/../../../../avr32/lib/ucr3fp\libc.a(lib_a-makebuf.o)
                              c:/program files (x86)/atmel/atmel toolchain/avr32 gcc/native/3.4.2.365/avr32-gnu-toolchain/bin/../lib/gcc/avr32/4.4.7/../../../../avr32/lib/ucr3fp\libc.a(lib_a-fseek.o) (__smakebuf_r)
c:/program files (x86)/atmel/atmel toolchain/avr32 gcc/native/3.4.2.365/avr32-gnu-toolchain/bin/../lib/gcc/avr32/4.4.7/../../../../avr32/lib/ucr3fp\libc.a(lib_a-mallocr.o)
                              c:/program files (x86)/atmel/atmel toolchain/avr32 gcc/native/3.4.2.365/avr32-gnu-toolchain/bin/../lib/gcc/avr32/4.4.7/../../../../avr32/lib/ucr3fp\libc.a(lib_a-findfp.o) (_malloc_r)
c:/program files (x86)/atmel/atmel toolchain/avr32 gcc/native/3.4.2.365/avr32-gnu-toolchain/bin/../lib/gcc/avr32/4.4.7/../../../../avr32/lib/ucr3fp\libc.a(lib_a-memcpy.o)
                              src/gui.o (memcpy)
c:/program files (x86)/atmel/atmel toolchain/avr32 gcc/native/3.4.2.365/avr32-gnu-toolchain/bin/../lib/gcc/avr32/4.4.7/../../../../avr32/lib/ucr3fp\libc.a(lib_a-memset.o)
                              src/gui.o (memset)
[...]
Memory Configuration

Name             Origin             Length             Attributes
FLASH            0x80000000         0x00080000         axrl !w
INTRAM           0x00000004         0x0000fffc         axw !rl
HRAM0            0xa0000000         0x00001000         axw !rl
USERPAGE_RESERVED 0x80800000         0x00000004         r
USERPAGE         0x80800004         0x000001fc
*default*        0x00000000         0xffffffff

Linker script and memory map

                0x00001000                _stack_size = 0x1000
LOAD src/ASF/avr32/boards/uc3c_ek/init.o
LOAD src/ASF/avr32/boards/uc3c_ek/led.o
LOAD src/ASF/avr32/components/display/et024006dhu/et024006dhu.o
LOAD src/ASF/avr32/components/touch/at42qt1060/at42qt1060.o
LOAD src/ASF/avr32/drivers/adcifa/adcifa.o
LOAD src/ASF/avr32/drivers/canif/canif.o
LOAD src/ASF/avr32/drivers/ebi/smc/smc.o
LOAD src/ASF/avr32/drivers/pdca/pdca.o
LOAD src/ASF/avr32/drivers/tc/tc.o
LOAD src/ASF/avr32/drivers/twim/twim.o
LOAD src/ASF/avr32/services/network/can/can.o
LOAD src/ASF/avr32/utils/debug/print_funcs.o
LOAD src/background_image.o
LOAD src/board_utils.o
LOAD src/can_task.o
LOAD src/codec.o
LOAD src/controller.o
LOAD src/con_mgr.o
LOAD src/dac_max9850.o
LOAD src/FBlock/fblock_amp.o
LOAD src/FBlock/fblock_auxin.o
LOAD src/FBlock/fblock_tool.o
LOAD src/gui.o
LOAD src/i2c_driver.o
LOAD src/i2c_lld.o
LOAD src/timers.o
LOAD src/TraceModule/mlog.o
LOAD src/TraceModule/mnstrace.o
LOAD src/TraceModule/ns_cb_tr.o
LOAD src/UserAdjustable/ns_cb_l1.o
LOAD src/UserAdjustable/ns_cb_l2.o
LOAD src/UserAdjustable/ns_cb_mh.o
LOAD src/ASF/avr32/drivers/flashc/flashc.o
LOAD src/ASF/avr32/drivers/gpio/gpio.o
LOAD src/ASF/avr32/drivers/intc/exception.o
LOAD src/ASF/avr32/drivers/intc/intc.o
LOAD src/ASF/avr32/drivers/pm/pm_uc3c.o
LOAD src/ASF/avr32/drivers/pm/power_clocks_lib.o
LOAD src/ASF/avr32/drivers/scif/scif_uc3c.o
LOAD src/ASF/avr32/drivers/usart/usart.o
LOAD src/ASF/avr32/utils/startup/startup_uc3.o
LOAD src/ASF/avr32/utils/startup/trampoline_uc3.o
LOAD src/ASF/common/services/clock/uc3c/osc.o
LOAD src/ASF/common/services/clock/uc3c/pll.o
LOAD src/ASF/common/services/clock/uc3c/sysclk.o
LOAD src/ASF/common/services/serial/usart_serial.o
LOAD src/ASF/common/utils/stdio/read.o
LOAD src/ASF/common/utils/stdio/write.o
LOAD src/L1/ams.o
LOAD src/L1/mbm.o
LOAD src/L1/mdm.o
LOAD src/L1/mis.o
LOAD src/L1/mns.o
LOAD src/L1/pms.o
LOAD src/L1/vmsv.o
LOAD src/L1/wads.o
LOAD src/L1/wmcs.o
LOAD src/L1/wscm.o
LOAD src/L2/ah.o
LOAD src/L2/cmd.o
LOAD src/L2/dm.o
LOAD src/L2/et.o
LOAD src/L2/mns2.o
LOAD src/L2/msv2.o
LOAD src/L2/nbehc.o
LOAD src/L2/netwm_s.o
LOAD src/L2/ntfs.o
LOAD src/main.o
START GROUP
LOAD ../src/ASF/avr32/utils/libs/dsplib/at32ucr3fp/gcc\libdsp-at32ucr3fp-dspspeed_opt.a
END GROUP
LOAD c:/program files (x86)/atmel/atmel toolchain/avr32 gcc/native/3.4.2.365/avr32-gnu-toolchain/bin/../lib/gcc/avr32/4.4.7/ucr3fp\libgcc.a
LOAD c:/program files (x86)/atmel/atmel toolchain/avr32 gcc/native/3.4.2.365/avr32-gnu-toolchain/bin/../lib/gcc/avr32/4.4.7/../../../../avr32/lib/ucr3fp\libc.a
LOAD c:/program files (x86)/atmel/atmel toolchain/avr32 gcc/native/3.4.2.365/avr32-gnu-toolchain/bin/../lib/gcc/avr32/4.4.7/ucr3fp\libgcc.a
                0xffffffff                __max_heap_size__ = 0xffffffff
                [0xffffffff]                __heap_size__ = DEFINED (__heap_size__)?__heap_size__:__max_heap_size__
                [0x00001000]                __stack_size__ = DEFINED (__stack_size__)?__stack_size__:0x1000
                0x80000000                PROVIDE (__executable_start, 0x80000000)
                0x80000000                . = 0x80000000

.interp
 *(.interp)

.reset          0x80000000     0x200c
 *(.reset)
 .reset         0x80000000        0x8 src/ASF/avr32/utils/startup/startup_uc3.o
                0x80000000                _start
 .reset         0x80000008     0x2004 src/ASF/avr32/utils/startup/trampoline_uc3.o
                               0x2008 (size before relaxing)
                0x80000008                _trampoline

.hash
 *(.hash)

.dynsym
 *(.dynsym)

.dynstr
 *(.dynstr)

.gnu.version
 *(.gnu.version)

.gnu.version_d
 *(.gnu.version_d)

.gnu.version_r
 *(.gnu.version_r)

.rel.init
 *(.rel.init)

.rela.init
 *(.rela.init)

.rel.text
 *(.rel.text .rel.text.* .rel.gnu.linkonce.t.*)

.rela.text
 *(.rela.text .rela.text.* .rela.gnu.linkonce.t.*)

.rel.fini
 *(.rel.fini)

.rela.fini
 *(.rela.fini)

.rel.rodata
 *(.rel.rodata .rel.rodata.* .rel.gnu.linkonce.r.*)

.rela.rodata
 *(.rela.rodata .rela.rodata.* .rela.gnu.linkonce.r.*)

.rel.data.rel.ro
 *(.rel.data.rel.ro*)

.rela.data.rel.ro
 *(.rel.data.rel.ro*)

.rel.data
 *(.rel.data .rel.data.* .rel.gnu.linkonce.d.*)

.rela.data
 *(.rela.data .rela.data.* .rela.gnu.linkonce.d.*)

.rel.tdata
 *(.rel.tdata .rel.tdata.* .rel.gnu.linkonce.td.*)

.rela.tdata
 *(.rela.tdata .rela.tdata.* .rela.gnu.linkonce.td.*)

.rel.tbss
 *(.rel.tbss .rel.tbss.* .rel.gnu.linkonce.tb.*)

.rela.tbss
 *(.rela.tbss .rela.tbss.* .rela.gnu.linkonce.tb.*)

.rel.ctors
 *(.rel.ctors)

.rela.ctors
 *(.rela.ctors)

.rel.dtors
 *(.rel.dtors)

.rela.dtors
 *(.rela.dtors)

.rel.got
 *(.rel.got)

.rela.got       0x8000200c        0x0
 *(.rela.got)
 .rela.got      0x8000200c        0x0 src/can_task.o

.rel.bss
 *(.rel.bss .rel.bss.* .rel.gnu.linkonce.b.*)

.rela.bss
 *(.rela.bss .rela.bss.* .rela.gnu.linkonce.b.*)

.rel.plt
 *(.rel.plt)

.rela.plt
 *(.rela.plt)

.init
 *(.init)

.plt
 *(.plt)

.text           0x8000200c    0x1aa5c
 *(.text .stub .text.* .gnu.linkonce.t.*)
 .text.et024006_CopyBitsToScreen
                0x8000200c       0xfc src/ASF/avr32/components/display/et024006dhu/et024006dhu.o
 .text.et024006_SetLimits
                0x80002108       0x50 src/ASF/avr32/components/display/et024006dhu/et024006dhu.o
 .text.et024006_PutBitmap
                0x80002158       0x80 src/ASF/avr32/components/display/et024006dhu/et024006dhu.o
                                 0x90 (size before relaxing)
                0x80002158                et024006_PutBitmap
 .text.et024006_PrintString
                0x800021d8      0x234 src/ASF/avr32/components/display/et024006dhu/et024006dhu.o
                                0x23c (size before relaxing)
                0x800021d8                et024006_PrintString
 .text.et024006_DrawFilledRect
                0x8000240c       0x6c src/ASF/avr32/components/display/et024006dhu/et024006dhu.o
                                 0x70 (size before relaxing)
                0x8000240c                et024006_DrawFilledRect
 .text.et024006_PutPixmap
                0x80002478      0x150 src/ASF/avr32/components/display/et024006dhu/et024006dhu.o
                                0x158 (size before relaxing)
                0x80002478                et024006_PutPixmap
 .text.et024006_Init
                0x800025c8      0x48c src/ASF/avr32/components/display/et024006dhu/et024006dhu.o
                                0x4a4 (size before relaxing)
                0x800025c8                et024006_Init
 .text.at42qt1060_register_int
                0x80002a54       0x24 src/ASF/avr32/components/touch/at42qt1060/at42qt1060.o
                                 0x30 (size before relaxing)
                0x80002a54                at42qt1060_register_int
 .text.at42qt1060_write_reg
                0x80002a78       0x34 src/ASF/avr32/components/touch/at42qt1060/at42qt1060.o
                                 0x38 (size before relaxing)
                0x80002a78                at42qt1060_write_reg
 .text.at42qt1060_read_reg
                0x80002aac       0x9c src/ASF/avr32/components/touch/at42qt1060/at42qt1060.o
                                 0xa8 (size before relaxing)
                0x80002aac                at42qt1060_read_reg
 .text.at42qt1060_get_detect_status
                0x80002b48       0x14 src/ASF/avr32/components/touch/at42qt1060/at42qt1060.o
                                 0x1c (size before relaxing)
                0x80002b48                at42qt1060_get_detect_status
 .text.at42qt1060_init
                0x80002b5c       0x60 src/ASF/avr32/components/touch/at42qt1060/at42qt1060.o
                                 0x84 (size before relaxing)
                0x80002b5c                at42qt1060_init
 .text.canif_clear_all_mob
                0x80002bbc       0x4a src/ASF/avr32/drivers/canif/canif.o
                0x80002bbc                canif_clear_all_mob
 .text.canif_fixed_baudrate
                0x80002c06       0x54 src/ASF/avr32/drivers/canif/canif.o
                0x80002c06                canif_fixed_baudrate
 *fill*         0x80002c5a        0x2 d703d703
 .text.smc_init
                0x80002c5c      0x11c src/ASF/avr32/drivers/ebi/smc/smc.o
                                0x120 (size before relaxing)
                0x80002c5c                smc_init
 .text.tc_init_waveform
                0x80002d78       0x9e src/ASF/avr32/drivers/tc/tc.o
                0x80002d78                tc_init_waveform
 .text.tc_start
                0x80002e16       0x12 src/ASF/avr32/drivers/tc/tc.o
                0x80002e16                tc_start
 .text.tc_read_sr
                0x80002e28       0x12 src/ASF/avr32/drivers/tc/tc.o
                0x80002e28                tc_read_sr
 .text.tc_write_rc
                0x80002e3a       0x38 src/ASF/avr32/drivers/tc/tc.o
                0x80002e3a                tc_write_rc
 .text.tc_configure_interrupts
                0x80002e72       0xd0 src/ASF/avr32/drivers/tc/tc.o
                0x80002e72                tc_configure_interrupts
 *fill*         0x80002f42        0x2 d703d703
 .text.twim_master_interrupt_handler
                0x80002f44       0xd0 src/ASF/avr32/drivers/twim/twim.o
 .text.twim_set_speed
                0x80003014       0x7c src/ASF/avr32/drivers/twim/twim.o
                0x80003014                twim_set_speed
 .text.twim_write
                0x80003090       0xbc src/ASF/avr32/drivers/twim/twim.o
                0x80003090                twim_write
 .text.twim_probe
                0x8000314c       0x18 src/ASF/avr32/drivers/twim/twim.o
                                 0x1c (size before relaxing)
                0x8000314c                twim_probe
 .text.twim_write_packet
                0x80003164       0xe0 src/ASF/avr32/drivers/twim/twim.o
                0x80003164                twim_write_packet
 .text.twim_read_packet
                0x80003244      0x104 src/ASF/avr32/drivers/twim/twim.o
                0x80003244                twim_read_packet
 .text.twim_master_init
                0x80003348       0xa0 src/ASF/avr32/drivers/twim/twim.o
                                 0xb4 (size before relaxing)
                0x80003348                twim_master_init
 .text.can0_int_tx_handler
                0x800033e8       0x40 src/ASF/avr32/services/network/can/can.o
 .text.can0_int_rx_handler
                0x80003428       0x40 src/ASF/avr32/services/network/can/can.o
 .text.can0_int_busoff_handler
                0x80003468       0x20 src/ASF/avr32/services/network/can/can.o
 .text.can0_int_cerr_handler
                0x80003488       0x20 src/ASF/avr32/services/network/can/can.o
 .text.can0_int_wakeup_handler
                0x800034a8       0x20 src/ASF/avr32/services/network/can/can.o
 .text.can1_int_tx_handler
                0x800034c8       0x44 src/ASF/avr32/services/network/can/can.o
 .text.can1_int_rx_handler
                0x8000350c       0x44 src/ASF/avr32/services/network/can/can.o
 .text.can1_int_busoff_handler
                0x80003550       0x24 src/ASF/avr32/services/network/can/can.o
 .text.can1_int_cerr_handler
                0x80003574       0x24 src/ASF/avr32/services/network/can/can.o
 .text.can1_int_wakeup_handler
                0x80003598       0x24 src/ASF/avr32/services/network/can/can.o
 .text.can_mob_alloc
                0x800035bc       0xb4 src/ASF/avr32/services/network/can/can.o
                0x800035bc                can_mob_alloc
 .text.can_mob_free
                0x80003670       0x64 src/ASF/avr32/services/network/can/can.o
                0x80003670                can_mob_free
 .text.can_tx   0x800036d4       0xf4 src/ASF/avr32/services/network/can/can.o
                0x800036d4                can_tx
 .text.can_rx   0x800037c8       0xe2 src/ASF/avr32/services/network/can/can.o
                0x800037c8                can_rx
 .text.can_get_mob_data
                0x800038aa       0x16 src/ASF/avr32/services/network/can/can.o
                0x800038aa                can_get_mob_data
 .text.can_get_mob_dlc
                0x800038c0       0x16 src/ASF/avr32/services/network/can/can.o
                0x800038c0                can_get_mob_dlc
 .text.can_get_mob_id
                0x800038d6       0x18 src/ASF/avr32/services/network/can/can.o
                0x800038d6                can_get_mob_id
 *fill*         0x800038ee        0x2 d703d703
 .text.can_enable_interrupt
                0x800038f0       0xcc src/ASF/avr32/services/network/can/can.o
                                 0xe4 (size before relaxing)
                0x800038f0                can_enable_interrupt
 .text.can_init
                0x800039bc      0x104 src/ASF/avr32/services/network/can/can.o
                                0x114 (size before relaxing)
                0x800039bc                can_init
 .text.hex_upper_nibble
                0x80003ac0       0x10 src/board_utils.o
                0x80003ac0                hex_upper_nibble
 .text.hex_lower_nibble
                0x80003ad0       0x10 src/board_utils.o
                0x80003ad0                hex_lower_nibble
 .text.init_board_gpio
                0x80003ae0       0x54 src/board_utils.o
                                 0x5c (size before relaxing)
                0x80003ae0                init_board_gpio
 .text.codec_activeI2c
                0x80003b34        0xc src/board_utils.o
                                 0x10 (size before relaxing)
                0x80003b34                codec_activeI2c
 .text.inic_ReleaseReset
                0x80003b40        0xc src/board_utils.o
                                 0x10 (size before relaxing)
                0x80003b40                inic_ReleaseReset
 .text.codec_ReleaseReset
                0x80003b4c        0xc src/board_utils.o
                                 0x10 (size before relaxing)
                0x80003b4c                codec_ReleaseReset
 .text.codec_EnableI2c
                0x80003b58        0xc src/board_utils.o
                                 0x10 (size before relaxing)
                0x80003b58                codec_EnableI2c
 .text.inic_HoldReset
                0x80003b64        0xc src/board_utils.o
                                 0x10 (size before relaxing)
                0x80003b64                inic_HoldReset
 .text.codec_HoldReset
                0x80003b70        0xc src/board_utils.o
                                 0x10 (size before relaxing)
                0x80003b70                codec_HoldReset
 .text.can_example_prepare_data_to_send
                0x80003b7c       0x40 src/can_task.o
                                 0x50 (size before relaxing)
                0x80003b7c                can_example_prepare_data_to_send
 .text.process_ecu_comm
                0x80003bbc      0x3dc src/can_task.o
                                0x400 (size before relaxing)
                0x80003bbc                process_ecu_comm
 .text.can_example_prepare_data_to_receive
                0x80003f98       0x34 src/can_task.o
                                 0x40 (size before relaxing)
                0x80003f98                can_example_prepare_data_to_receive
 .text.can_task
                0x80003fcc       0xa8 src/can_task.o
                                 0xb8 (size before relaxing)
                0x80003fcc                can_task
 .text.can_task_init
                0x80004074       0x24 src/can_task.o
                                 0x38 (size before relaxing)
                0x80004074                can_task_init
 .text.can_out_callback_channel0
                0x80004098       0x50 src/can_task.o
                                 0x64 (size before relaxing)
                0x80004098                can_out_callback_channel0
 .text.can_out_callback_channel1
                0x800040e8       0x24 src/can_task.o
                                 0x2c (size before relaxing)
                0x800040e8                can_out_callback_channel1
 .text.codec_RegisterWrite
                0x8000410c       0x20 src/codec.o
                                 0x24 (size before relaxing)
                0x8000410c                codec_RegisterWrite
 .text.CODEC_setAttenuation
                0x8000412c       0x2c src/codec.o
                                 0x38 (size before relaxing)
                0x8000412c                CODEC_setAttenuation
 .text.CODEC_setVolume
                0x80004158       0x1c src/codec.o
                                 0x24 (size before relaxing)
                0x80004158                CODEC_setVolume
 .text.CODEC_demute
                0x80004174       0x14 src/codec.o
                                 0x20 (size before relaxing)
                0x80004174                CODEC_demute
 .text.codec_RegisterRead
                0x80004188       0x18 src/codec.o
                                 0x1c (size before relaxing)
                0x80004188                codec_RegisterRead
 .text.CODEC_setDefaultValues
                0x800041a0       0xcc src/codec.o
                                 0xe4 (size before relaxing)
                0x800041a0                CODEC_setDefaultValues
 .text.controller_key_fct3
                0x8000426c       0x10 src/controller.o
                0x8000426c                controller_key_fct3
 .text.controller_key_fct4
                0x8000427c       0x10 src/controller.o
                0x8000427c                controller_key_fct4
 .text.controller_key_fct1
                0x8000428c       0x10 src/controller.o
                0x8000428c                controller_key_fct1
 .text.controller_key_fct2
                0x8000429c       0x10 src/controller.o
                0x8000429c                controller_key_fct2
 .text.controller_key_fct5
                0x800042ac       0x10 src/controller.o
                0x800042ac                controller_key_fct5
 .text.controller_init
                0x800042bc       0x50 src/controller.o
                                 0x5c (size before relaxing)
                0x800042bc                controller_init
 .text.controller_task
                0x8000430c       0x2c src/controller.o
                                 0x30 (size before relaxing)
                0x8000430c                controller_task
 .text.touch_detect_callback
                0x80004338       0x20 src/controller.o
                                 0x28 (size before relaxing)
                0x80004338                touch_detect_callback
 .text.SCError_Timeout
                0x80004358       0x10 src/con_mgr.o
                                 0x14 (size before relaxing)
                0x80004358                SCError_Timeout
 .text.InitPorts_Timeout
                0x80004368       0x10 src/con_mgr.o
                                 0x14 (size before relaxing)
                0x80004368                InitPorts_Timeout
 .text.OpenSerialPort
                0x80004378       0x2c src/con_mgr.o
                                 0x34 (size before relaxing)
                0x80004378                OpenSerialPort
 .text.connection_manager
                0x800043a4       0x80 src/con_mgr.o
                                 0x90 (size before relaxing)
                0x800043a4                connection_manager
 .text.ConmgrReturnMutex
                0x80004424       0x24 src/con_mgr.o
                                 0x28 (size before relaxing)
                0x80004424                ConmgrReturnMutex
 .text.OpenSerialPort_CB
                0x80004448       0x44 src/con_mgr.o
                                 0x50 (size before relaxing)
                0x80004448                OpenSerialPort_CB
 .text.kill_net_connections
                0x8000448c        0xc src/con_mgr.o
                                 0x14 (size before relaxing)
                0x8000448c                kill_net_connections
 .text.ConmgrGetMutex
                0x80004498       0x40 src/con_mgr.o
                                 0x44 (size before relaxing)
                0x80004498                ConmgrGetMutex
 .text.SCError_CB
                0x800044d8       0xa0 src/con_mgr.o
                                 0xc0 (size before relaxing)
                0x800044d8                SCError_CB
 .text.InitPorts
                0x80004578       0x54 src/con_mgr.o
                                 0x70 (size before relaxing)
                0x80004578                InitPorts
 .text.ConmgrInit
                0x800045cc       0x3c src/con_mgr.o
                                 0x4c (size before relaxing)
                0x800045cc                ConmgrInit
 .text.DacRegisterWrite
                0x80004608       0x20 src/dac_max9850.o
                                 0x24 (size before relaxing)
                0x80004608                DacRegisterWrite
 .text.DacSetEvents
                0x80004628       0x1c src/dac_max9850.o
                                 0x24 (size before relaxing)
                0x80004628                DacSetEvents
 .text.Amp_SinkInfo_Get_N
                0x80004644       0x4c src/FBlock/fblock_amp.o
                0x80004644                Amp_SinkInfo_Get_N
 .text.Amp_Mute_Get_N
                0x80004690       0x1c src/FBlock/fblock_amp.o
                0x80004690                Amp_Mute_Get_N
 .text.Amp_SyncDataInfo_Get
                0x800046ac       0x18 src/FBlock/fblock_amp.o
                0x800046ac                Amp_SyncDataInfo_Get
 .text.Amp_Events_Get
                0x800046c4       0x30 src/FBlock/fblock_amp.o
                0x800046c4                Amp_Events_Get
 .text.Amp_Events_Get_N
                0x800046f4       0x30 src/FBlock/fblock_amp.o
                0x800046f4                Amp_Events_Get_N
 .text.Amp_PrintTemp
                0x80004724       0x40 src/FBlock/fblock_amp.o
                                 0x4c (size before relaxing)
                0x80004724                Amp_PrintTemp
 .text.Amp_KillConnections
                0x80004764       0x30 src/FBlock/fblock_amp.o
                                 0x34 (size before relaxing)
                0x80004764                Amp_KillConnections
 .text.Amp_UpdateTemp
                0x80004794       0x2c src/FBlock/fblock_amp.o
                                 0x34 (size before relaxing)
                0x80004794                Amp_UpdateTemp
 .text.Set_Volume
                0x800047c0       0x38 src/FBlock/fblock_amp.o
                                 0x40 (size before relaxing)
                0x800047c0                Set_Volume
 .text.DAC_Network_DestroySocket
                0x800047f8       0x24 src/FBlock/fblock_amp.o
                                 0x2c (size before relaxing)
                0x800047f8                DAC_Network_DestroySocket
 .text.DAC_INIC_DestroySocket
                0x8000481c       0x24 src/FBlock/fblock_amp.o
                                 0x2c (size before relaxing)
                0x8000481c                DAC_INIC_DestroySocket
 .text.DAC_DisConnectSockets
                0x80004840       0x24 src/FBlock/fblock_amp.o
                                 0x2c (size before relaxing)
                0x80004840                DAC_DisConnectSockets
 .text.DAC_ConnectSockets
                0x80004864       0x24 src/FBlock/fblock_amp.o
                                 0x2c (size before relaxing)
                0x80004864                DAC_ConnectSockets
 .text.DAC_Network_CreateSocket
                0x80004888       0x3c src/FBlock/fblock_amp.o
                                 0x44 (size before relaxing)
                0x80004888                DAC_Network_CreateSocket
 .text.DAC_INIC_CreateSocket
                0x800048c4       0x38 src/FBlock/fblock_amp.o
                                 0x40 (size before relaxing)
                0x800048c4                DAC_INIC_CreateSocket
 .text.Amp_Events_Set
                0x800048fc       0x40 src/FBlock/fblock_amp.o
                                 0x54 (size before relaxing)
                0x800048fc                Amp_Events_Set
 .text.Amp_Volume_Dec
                0x8000493c       0x34 src/FBlock/fblock_amp.o
                                 0x3c (size before relaxing)
                0x8000493c                Amp_Volume_Dec
 .text.Amp_Volume_Inc
                0x80004970       0x34 src/FBlock/fblock_amp.o
                                 0x40 (size before relaxing)
                0x80004970                Amp_Volume_Inc
 .text.Amp_Volume_Set
                0x800049a4       0x40 src/FBlock/fblock_amp.o
                                 0x50 (size before relaxing)
                0x800049a4                Amp_Volume_Set
 .text.Amp_SinkName_Get
                0x800049e4       0x6c src/FBlock/fblock_amp.o
                                 0x70 (size before relaxing)
                0x800049e4                Amp_SinkName_Get
 .text.Amp_Mute_Get
                0x80004a50       0x34 src/FBlock/fblock_amp.o
                                 0x38 (size before relaxing)
                0x80004a50                Amp_Mute_Get
 .text.Amp_Mute_Set
                0x80004a84       0x74 src/FBlock/fblock_amp.o
                                 0x80 (size before relaxing)
                0x80004a84                Amp_Mute_Set
 .text.Amp_SinkInfo_Get
                0x80004af8       0x20 src/FBlock/fblock_amp.o
                                 0x28 (size before relaxing)
                0x80004af8                Amp_SinkInfo_Get
 .text.Amp_DisConnect_Result
                0x80004b18       0x94 src/FBlock/fblock_amp.o
                                 0xa4 (size before relaxing)
                0x80004b18                Amp_DisConnect_Result
 .text.Amp_DisconnectTimeout
                0x80004bac       0x14 src/FBlock/fblock_amp.o
                                 0x20 (size before relaxing)
                0x80004bac                Amp_DisconnectTimeout
 .text.Amp_Connect_Result
                0x80004bc0       0x84 src/FBlock/fblock_amp.o
                                 0x94 (size before relaxing)
                0x80004bc0                Amp_Connect_Result
 .text.DAC_Network_DestroySocket_CB
                0x80004c44       0x90 src/FBlock/fblock_amp.o
                                 0xb4 (size before relaxing)
                0x80004c44                DAC_Network_DestroySocket_CB
 .text.DAC_INIC_DestroySocket_CB
                0x80004cd4       0x8c src/FBlock/fblock_amp.o
                                 0xac (size before relaxing)
                0x80004cd4                DAC_INIC_DestroySocket_CB
 .text.DAC_DisConnectSockets_CB
                0x80004d60       0x8c src/FBlock/fblock_amp.o
                                 0xac (size before relaxing)
                0x80004d60                DAC_DisConnectSockets_CB
 .text.DAC_ConnectSockets_CB
                0x80004dec       0x50 src/FBlock/fblock_amp.o
                                 0x64 (size before relaxing)
                0x80004dec                DAC_ConnectSockets_CB
 .text.DAC_Network_CreateSocket_CB
                0x80004e3c       0x74 src/FBlock/fblock_amp.o
                                 0x8c (size before relaxing)
                0x80004e3c                DAC_Network_CreateSocket_CB
 .text.DAC_INIC_CreateSocket_CB
                0x80004eb0       0x6c src/FBlock/fblock_amp.o
                                 0x84 (size before relaxing)
                0x80004eb0                DAC_INIC_CreateSocket_CB
 .text.Amp_ConnectTimeout
                0x80004f1c       0x14 src/FBlock/fblock_amp.o
                                 0x20 (size before relaxing)
                0x80004f1c                Amp_ConnectTimeout
 .text.Amp_DisConnect_StartResultACK
                0x80004f30       0xc0 src/FBlock/fblock_amp.o
                                 0xdc (size before relaxing)
                0x80004f30                Amp_DisConnect_StartResultACK
 .text.Amp_DisConnect_StartResult
                0x80004ff0       0x94 src/FBlock/fblock_amp.o
                                 0xb0 (size before relaxing)
                0x80004ff0                Amp_DisConnect_StartResult
 .text.Amp_Connect_StartResultACK
                0x80005084      0x114 src/FBlock/fblock_amp.o
                                0x138 (size before relaxing)
                0x80005084                Amp_Connect_StartResultACK
 .text.Amp_Connect_StartResult
                0x80005198       0xec src/FBlock/fblock_amp.o
                                0x10c (size before relaxing)
                0x80005198                Amp_Connect_StartResult
 .text.Amp_FBlockInfo_Get
                0x80005284      0x1a8 src/FBlock/fblock_amp.o
                                0x1b4 (size before relaxing)
                0x80005284                Amp_FBlockInfo_Get
 .text.Amp_NotificationCheck_Get
                0x8000542c        0x8 src/FBlock/fblock_amp.o
                                  0xc (size before relaxing)
                0x8000542c                Amp_NotificationCheck_Get
 .text.Amp_Notification_Get
                0x80005434        0x8 src/FBlock/fblock_amp.o
                                  0xc (size before relaxing)
                0x80005434                Amp_Notification_Get
 .text.Amp_Notification_Set
                0x8000543c        0x8 src/FBlock/fblock_amp.o
                                  0xc (size before relaxing)
                0x8000543c                Amp_Notification_Set
 .text.Amp_FuncIDs_Get
                0x80005444       0x10 src/FBlock/fblock_amp.o
                                 0x14 (size before relaxing)
                0x80005444                Amp_FuncIDs_Get
 .text.Init_Amp
                0x80005454       0x54 src/FBlock/fblock_amp.o
                                 0x60 (size before relaxing)
                0x80005454                Init_Amp
 .text.Init_Auxin
                0x800054a8       0x54 src/FBlock/fblock_auxin.o
                0x800054a8                Init_Auxin
 .text.Auxin_KillConnections
                0x800054fc       0x24 src/FBlock/fblock_auxin.o
                0x800054fc                Auxin_KillConnections
 .text.Auxin_SourceInfo_N
                0x80005520       0x4c src/FBlock/fblock_auxin.o
                0x80005520                Auxin_SourceInfo_N
 .text.Auxin_SyncDataInfo_Get
                0x8000556c       0x18 src/FBlock/fblock_auxin.o
                0x8000556c                Auxin_SyncDataInfo_Get
 .text.ADC_Network_DestroySocket
                0x80005584       0x24 src/FBlock/fblock_auxin.o
                                 0x2c (size before relaxing)
                0x80005584                ADC_Network_DestroySocket
 .text.ADC_DisConnectSockets
                0x800055a8       0x24 src/FBlock/fblock_auxin.o
                                 0x2c (size before relaxing)
                0x800055a8                ADC_DisConnectSockets
 .text.ADC_ConnectSockets
                0x800055cc       0x24 src/FBlock/fblock_auxin.o
                                 0x2c (size before relaxing)
                0x800055cc                ADC_ConnectSockets
 .text.ADC_Network_CreateSocket
                0x800055f0       0x44 src/FBlock/fblock_auxin.o
                                 0x4c (size before relaxing)
                0x800055f0                ADC_Network_CreateSocket
 .text.ADC_INIC_CreateSocket
                0x80005634       0x34 src/FBlock/fblock_auxin.o
                                 0x3c (size before relaxing)
                0x80005634                ADC_INIC_CreateSocket
 .text.Auxin_SourceName_Get
                0x80005668       0x68 src/FBlock/fblock_auxin.o
                                 0x6c (size before relaxing)
                0x80005668                Auxin_SourceName_Get
 .text.Auxin_SourceInfo_Get
                0x800056d0       0x1c src/FBlock/fblock_auxin.o
                                 0x28 (size before relaxing)
                0x800056d0                Auxin_SourceInfo_Get
 .text.Auxin_SourceActivity_StartResult
                0x800056ec       0xb8 src/FBlock/fblock_auxin.o
                                 0xc4 (size before relaxing)
                0x800056ec                Auxin_SourceActivity_StartResult
 .text.Auxin_DeAllocate_Result
                0x800057a4       0x94 src/FBlock/fblock_auxin.o
                                 0xa4 (size before relaxing)
                0x800057a4                Auxin_DeAllocate_Result
 .text.ADC_Network_DestroySocket_CB
                0x80005838       0x48 src/FBlock/fblock_auxin.o
                                 0x5c (size before relaxing)
                0x80005838                ADC_Network_DestroySocket_CB
 .text.ADC_DisConnectSockets_CB
                0x80005880       0x70 src/FBlock/fblock_auxin.o
                                 0x88 (size before relaxing)
                0x80005880                ADC_DisConnectSockets_CB
 .text.Auxin_DeAllocateTimeout
                0x800058f0       0x14 src/FBlock/fblock_auxin.o
                                 0x20 (size before relaxing)
                0x800058f0                Auxin_DeAllocateTimeout
 .text.Auxin_Allocate_Result
                0x80005904      0x100 src/FBlock/fblock_auxin.o
                                0x114 (size before relaxing)
                0x80005904                Auxin_Allocate_Result
 .text.ADC_ConnectSockets_CB
                0x80005a04       0x48 src/FBlock/fblock_auxin.o
                                 0x5c (size before relaxing)
                0x80005a04                ADC_ConnectSockets_CB
 .text.ADC_Network_CreateSocket_CB
                0x80005a4c       0xb8 src/FBlock/fblock_auxin.o
                                 0xd0 (size before relaxing)
                0x80005a4c                ADC_Network_CreateSocket_CB
 .text.ADC_INIC_CreateSocket_CB
                0x80005b04       0x70 src/FBlock/fblock_auxin.o
                                 0x88 (size before relaxing)
                0x80005b04                ADC_INIC_CreateSocket_CB
 .text.Auxin_AllocateTimeout
                0x80005b74       0x14 src/FBlock/fblock_auxin.o
                                 0x20 (size before relaxing)
                0x80005b74                Auxin_AllocateTimeout
 .text.Auxin_DeAllocate_StartResult
                0x80005b88       0xc0 src/FBlock/fblock_auxin.o
                                 0xe0 (size before relaxing)
                0x80005b88                Auxin_DeAllocate_StartResult
 .text.Auxin_Allocate_StartResult
                0x80005c48       0xd4 src/FBlock/fblock_auxin.o
                                 0xf0 (size before relaxing)
                0x80005c48                Auxin_Allocate_StartResult
 .text.Auxin_FBlockInfo_Get
                0x80005d1c      0x188 src/FBlock/fblock_auxin.o
                                0x194 (size before relaxing)
                0x80005d1c                Auxin_FBlockInfo_Get
 .text.Auxin_NotificationCheck_Get
                0x80005ea4        0x8 src/FBlock/fblock_auxin.o
                                  0xc (size before relaxing)
                0x80005ea4                Auxin_NotificationCheck_Get
 .text.Auxin_Notification_Get
                0x80005eac        0x8 src/FBlock/fblock_auxin.o
                                  0xc (size before relaxing)
                0x80005eac                Auxin_Notification_Get
 .text.Auxin_Notification_Set
                0x80005eb4        0x8 src/FBlock/fblock_auxin.o
                                  0xc (size before relaxing)
                0x80005eb4                Auxin_Notification_Set
 .text.Auxin_FuncIDs_Get
                0x80005ebc       0x10 src/FBlock/fblock_auxin.o
                                 0x14 (size before relaxing)
                0x80005ebc                Auxin_FuncIDs_Get
 .text.TOOL_GW_Outgoing
                0x80005ecc       0x44 src/FBlock/fblock_tool.o
                                 0x50 (size before relaxing)
                0x80005ecc                TOOL_GW_Outgoing
 .text.TOOL_FBlockInfo_Get
                0x80005f10      0x16c src/FBlock/fblock_tool.o
                                0x178 (size before relaxing)
                0x80005f10                TOOL_FBlockInfo_Get
 .text.TOOL_FuncIDs_Get
                0x8000607c       0x10 src/FBlock/fblock_tool.o
                                 0x14 (size before relaxing)
                0x8000607c                TOOL_FuncIDs_Get
 .text.gui_draw_background
                0x8000608c       0x60 src/gui.o
                                 0x64 (size before relaxing)
 .text.gui_set_selection
                0x800060ec      0x1d0 src/gui.o
                                0x1e0 (size before relaxing)
                0x800060ec                gui_set_selection
 .text.gui_clear_view
                0x800062bc       0x38 src/gui.o
                                 0x40 (size before relaxing)
                0x800062bc                gui_clear_view
 .text.gui_change_update_fs
                0x800062f4       0x44 src/gui.o
                                 0x48 (size before relaxing)
                0x800062f4                gui_change_update_fs
 .text.gui_print_signal_box
                0x80006338      0x3b0 src/gui.o
                                0x3c4 (size before relaxing)
 .text.gui_task
                0x800066e8      0x168 src/gui.o
                                0x174 (size before relaxing)
                0x800066e8                gui_task
 .text.gui_init
                0x80006850       0x20 src/gui.o
                                 0x30 (size before relaxing)
                0x80006850                gui_init
 .text.DRVI2C_pv_TraceData
                0x80006870       0xb0 src/i2c_driver.o
                                 0xc0 (size before relaxing)
                0x80006870                DRVI2C_pv_TraceData
 .text.dac_write
                0x80006920       0x44 src/i2c_driver.o
                                 0x54 (size before relaxing)
                0x80006920                dac_write
 .text.inic_write
                0x80006964       0x44 src/i2c_driver.o
                                 0x50 (size before relaxing)
                0x80006964                inic_write
 .text.dac_read
                0x800069a8       0x48 src/i2c_driver.o
                                 0x54 (size before relaxing)
                0x800069a8                dac_read
 .text.inic_read
                0x800069f0       0x54 src/i2c_driver.o
                                 0x60 (size before relaxing)
                0x800069f0                inic_read
 .text.i2c_master_init
                0x80006a44       0x20 src/i2c_driver.o
                                 0x28 (size before relaxing)
                0x80006a44                i2c_master_init
 .text.lld_start_interfaces
                0x80006a64       0x14 src/i2c_lld.o
                0x80006a64                lld_start_interfaces
 .text.i2c_rx_callback
                0x80006a78       0x80 src/i2c_lld.o
                                 0x8c (size before relaxing)
                0x80006a78                i2c_rx_callback
 .text.check_for_port_message
                0x80006af8       0x54 src/i2c_lld.o
                                 0x64 (size before relaxing)
                0x80006af8                check_for_port_message
 .text.lld_on_buf_freed
                0x80006b4c       0x28 src/i2c_lld.o
                                 0x2c (size before relaxing)
                0x80006b4c                lld_on_buf_freed
 .text.lld_i2c_transmit
                0x80006b74       0x8c src/i2c_lld.o
                                 0x9c (size before relaxing)
                0x80006b74                lld_i2c_transmit
 .text.lld_reset
                0x80006c00       0x3c src/i2c_lld.o
                                 0x44 (size before relaxing)
                0x80006c00                lld_reset
 .text.TmrGetMasterTick_Long
                0x80006c3c        0xc src/timers.o
                0x80006c3c                TmrGetMasterTick_Long
 .text.TmrGetMasterTick_Word
                0x80006c48        0xc src/timers.o
                0x80006c48                TmrGetMasterTick_Word
 .text.TmrTableInit
                0x80006c54       0x48 src/timers.o
                0x80006c54                TmrTableInit
 .text.TmrNewTime
                0x80006c9c       0x28 src/timers.o
                0x80006c9c                TmrNewTime
 .text.TmrTicksLeft
                0x80006cc4       0x20 src/timers.o
                0x80006cc4                TmrTicksLeft
 .text.TmrTask  0x80006ce4       0x84 src/timers.o
                0x80006ce4                TmrTask
 .text.InitializeTimer
                0x80006d68        0xa src/timers.o
                0x80006d68                InitializeTimer
 *fill*         0x80006d72        0x2 d703d703
 .text.StopTimer
                0x80006d74       0x44 src/timers.o
                0x80006d74                StopTimer
 .text.TmrGetHandle
                0x80006db8       0x5c src/timers.o
                                 0x60 (size before relaxing)
                0x80006db8                TmrGetHandle
 .text.StartTimer
                0x80006e14       0x94 src/timers.o
                                 0x9c (size before relaxing)
                0x80006e14                StartTimer
 .text.TmrInit  0x80006ea8       0x6c src/timers.o
                                 0x88 (size before relaxing)
                0x80006ea8                TmrInit
 .text.tc_irq   0x80006f14       0x3c src/timers.o
                                 0x40 (size before relaxing)
                0x80006f14                tc_irq
 .text.MnsTraceInit
                0x80006f50       0x4c src/TraceModule/mnstrace.o
                0x80006f50                MnsTraceInit
 .text.MnsTraceSpecialFilter
                0x80006f9c       0x40 src/TraceModule/mnstrace.o
                0x80006f9c                MnsTraceSpecialFilter
 .text.MnsTraceParser
                0x80006fdc      0x9ac src/TraceModule/mnstrace.o
                                0x9cc (size before relaxing)
                0x80006fdc                MnsTraceParser
 .text.prepare_mns_config
                0x80007988      0x10c src/UserAdjustable/ns_cb_l1.o
                                0x140 (size before relaxing)
                0x80007988                prepare_mns_config
 .text.mns_service_request
                0x80007a94        0xc src/UserAdjustable/ns_cb_l1.o
 .text.msg_tx_status
                0x80007aa0        0xa src/UserAdjustable/ns_cb_l1.o
 .text.msg_tx_filter
                0x80007aaa        0x2 src/UserAdjustable/ns_cb_l1.o
 .text.msg_rx_complete
                0x80007aac        0x4 src/UserAdjustable/ns_cb_l1.o
 .text.data_tx_status
                0x80007ab0        0x2 src/UserAdjustable/ns_cb_l1.o
 .text.data_rx_complete
                0x80007ab2        0x2 src/UserAdjustable/ns_cb_l1.o
 .text.data_rx_filter
                0x80007ab4        0x2 src/UserAdjustable/ns_cb_l1.o
 .text.mns_take
                0x80007ab6        0x2 src/UserAdjustable/ns_cb_l1.o
                0x80007ab6                mns_take
 .text.mns_give
                0x80007ab8        0x2 src/UserAdjustable/ns_cb_l1.o
                0x80007ab8                mns_give
 *fill*         0x80007aba        0x2 d703d703
 .text.PrintErrorLine
                0x80007abc        0x8 src/UserAdjustable/ns_cb_l1.o
                                  0xc (size before relaxing)
                0x80007abc                PrintErrorLine
 .text.PrintTraceLine
                0x80007ac4        0x8 src/UserAdjustable/ns_cb_l1.o
                                  0xc (size before relaxing)
                0x80007ac4                PrintTraceLine
 .text.msg_retry_config_adjusted
                0x80007acc       0x10 src/UserAdjustable/ns_cb_l1.o
                                 0x14 (size before relaxing)
 .text.msg_tx_msg_flushed
                0x80007adc       0x10 src/UserAdjustable/ns_cb_l1.o
                                 0x14 (size before relaxing)
 .text.mns_trace
                0x80007aec       0x48 src/UserAdjustable/ns_cb_l1.o
                                 0x50 (size before relaxing)
                0x80007aec                mns_trace
 .text.pmistate_changed
                0x80007b34       0xa4 src/UserAdjustable/ns_cb_l1.o
                                 0xac (size before relaxing)
 .text.msval_event
                0x80007bd8       0xdc src/UserAdjustable/ns_cb_l1.o
                                 0xe4 (size before relaxing)
 .text.msval_error
                0x80007cb4       0x94 src/UserAdjustable/ns_cb_l1.o
                                 0x9c (size before relaxing)
 .text.msg_tx_buffer_flushed
                0x80007d48       0x14 src/UserAdjustable/ns_cb_l1.o
                                 0x18 (size before relaxing)
 .text.mns_on_error
                0x80007d5c      0x144 src/UserAdjustable/ns_cb_l1.o
                                0x14c (size before relaxing)
 .text.scm_error
                0x80007ea0       0x84 src/UserAdjustable/ns_cb_l1.o
                                 0x90 (size before relaxing)
 .text.msval_store_rbd_result
                0x80007f24       0x8c src/UserAdjustable/ns_cb_l1.o
                                 0x98 (size before relaxing)
 .text.msval_diag_result
                0x80007fb0       0xac src/UserAdjustable/ns_cb_l1.o
                                 0xb8 (size before relaxing)
 .text.msval_state_changed
                0x8000805c       0x98 src/UserAdjustable/ns_cb_l1.o
                                 0xa8 (size before relaxing)
 .text.mns_next_min_timeout
                0x800080f4        0xc src/UserAdjustable/ns_cb_l1.o
                                 0x10 (size before relaxing)
 .text.mns_on_init_complete
                0x80008100        0x8 src/UserAdjustable/ns_cb_l1.o
                                  0xc (size before relaxing)
 .text.SystemCommunicationInit
                0x80008108        0x2 src/UserAdjustable/ns_cb_l2.o
                0x80008108                SystemCommunicationInit
 .text.Store_Error_Info2
                0x8000810a        0x2 src/UserAdjustable/ns_cb_l2.o
                0x8000810a                Store_Error_Info2
 .text.FBlockIDsChanged
                0x8000810c        0x2 src/UserAdjustable/ns_cb_l2.o
                0x8000810c                FBlockIDsChanged
 .text.CmdTxFilter
                0x8000810e        0x2 src/UserAdjustable/ns_cb_l2.o
                0x8000810e                CmdTxFilter
 .text.CmdTxNoResult
                0x80008110        0x2 src/UserAdjustable/ns_cb_l2.o
                0x80008110                CmdTxNoResult
 .text.NbShutDown
                0x80008112        0x2 src/UserAdjustable/ns_cb_l2.o
                0x80008112                NbShutDown
 .text.NbShutDownExecute
                0x80008114        0x2 src/UserAdjustable/ns_cb_l2.o
                0x80008114                NbShutDownExecute
 .text.NbShutDownDevice
                0x80008116        0x2 src/UserAdjustable/ns_cb_l2.o
                0x80008116                NbShutDownDevice
 .text.NbNodeAddrStatus
                0x80008118        0x2 src/UserAdjustable/ns_cb_l2.o
                0x80008118                NbNodeAddrStatus
 .text.NbNodeAddrError
                0x8000811a        0x2 src/UserAdjustable/ns_cb_l2.o
                0x8000811a                NbNodeAddrError
 .text.NbFBlockIDsStatus
                0x8000811c        0x2 src/UserAdjustable/ns_cb_l2.o
                0x8000811c                NbFBlockIDsStatus
 .text.NbFBlockIDsError
                0x8000811e        0x2 src/UserAdjustable/ns_cb_l2.o
                0x8000811e                NbFBlockIDsError
 .text.NbDeviceInfoStatus
                0x80008120        0x2 src/UserAdjustable/ns_cb_l2.o
                0x80008120                NbDeviceInfoStatus
 .text.NbDeviceInfoError
                0x80008122        0x2 src/UserAdjustable/ns_cb_l2.o
                0x80008122                NbDeviceInfoError
 .text.NbGroupAddrStatus
                0x80008124        0x2 src/UserAdjustable/ns_cb_l2.o
                0x80008124                NbGroupAddrStatus
 .text.NbGroupAddrError
                0x80008126        0x2 src/UserAdjustable/ns_cb_l2.o
                0x80008126                NbGroupAddrError
 .text.NbShutDownResult
                0x80008128        0x2 src/UserAdjustable/ns_cb_l2.o
                0x80008128                NbShutDownResult
 .text.NbShutDownError
                0x8000812a        0x2 src/UserAdjustable/ns_cb_l2.o
                0x8000812a                NbShutDownError
 .text.NbNodePositionStatus
                0x8000812c        0x2 src/UserAdjustable/ns_cb_l2.o
                0x8000812c                NbNodePositionStatus
 .text.NbNodePositionError
                0x8000812e        0x2 src/UserAdjustable/ns_cb_l2.o
                0x8000812e                NbNodePositionError
 .text.NbRetryParametersStatus
                0x80008130        0x2 src/UserAdjustable/ns_cb_l2.o
                0x80008130                NbRetryParametersStatus
 .text.NbRetryParametersError
                0x80008132        0x2 src/UserAdjustable/ns_cb_l2.o
                0x80008132                NbRetryParametersError
 .text.NbSamplingFrequencyStatus
                0x80008134        0x2 src/UserAdjustable/ns_cb_l2.o
                0x80008134                NbSamplingFrequencyStatus
 .text.NbSamplingFrequencyError
                0x80008136        0x2 src/UserAdjustable/ns_cb_l2.o
                0x80008136                NbSamplingFrequencyError
 .text.NbBoundaryStatus
                0x80008138        0x2 src/UserAdjustable/ns_cb_l2.o
                0x80008138                NbBoundaryStatus
 .text.NbBoundaryError
                0x8000813a        0x2 src/UserAdjustable/ns_cb_l2.o
                0x8000813a                NbBoundaryError
 .text.NbVersionStatus
                0x8000813c        0x2 src/UserAdjustable/ns_cb_l2.o
                0x8000813c                NbVersionStatus
 .text.NbVersionError
                0x8000813e        0x2 src/UserAdjustable/ns_cb_l2.o
                0x8000813e                NbVersionError
 .text.NbShutDownReasonError
                0x80008140        0x2 src/UserAdjustable/ns_cb_l2.o
                0x80008140                NbShutDownReasonError
 .text.NbFBlockInfoStatus
                0x80008142        0x2 src/UserAdjustable/ns_cb_l2.o
                0x80008142                NbFBlockInfoStatus
 .text.NbFBlockInfoError
                0x80008144        0x2 src/UserAdjustable/ns_cb_l2.o
                0x80008144                NbFBlockInfoError
 .text.NbImplFBlocksStatus
                0x80008146        0x2 src/UserAdjustable/ns_cb_l2.o
                0x80008146                NbImplFBlocksStatus
 .text.NbImplFBlocksError
                0x80008148        0x2 src/UserAdjustable/ns_cb_l2.o
                0x80008148                NbImplFBlocksError
 .text.NbEUI48Status
                0x8000814a        0x2 src/UserAdjustable/ns_cb_l2.o
                0x8000814a                NbEUI48Status
 .text.NbEUI48Error
                0x8000814c        0x2 src/UserAdjustable/ns_cb_l2.o
                0x8000814c                NbEUI48Error
 .text.NmConfigurationStatus
                0x8000814e        0x2 src/UserAdjustable/ns_cb_l2.o
                0x8000814e                NmConfigurationStatus
 .text.NmConfigurationError
                0x80008150        0x2 src/UserAdjustable/ns_cb_l2.o
                0x80008150                NmConfigurationError
 .text.NmCentralRegStatus
                0x80008152        0x2 src/UserAdjustable/ns_cb_l2.o
                0x80008152                NmCentralRegStatus
 .text.NmCentralRegError
                0x80008154        0x2 src/UserAdjustable/ns_cb_l2.o
                0x80008154                NmCentralRegError
 .text.NmSaveConfigResult
                0x80008156        0x2 src/UserAdjustable/ns_cb_l2.o
                0x80008156                NmSaveConfigResult
 .text.NmSaveConfigError
                0x80008158        0x2 src/UserAdjustable/ns_cb_l2.o
                0x80008158                NmSaveConfigError
 .text.NmSaveConfigResultAck
                0x8000815a        0x2 src/UserAdjustable/ns_cb_l2.o
                0x8000815a                NmSaveConfigResultAck
 .text.NmSaveConfigErrorAck
                0x8000815c        0x2 src/UserAdjustable/ns_cb_l2.o
                0x8000815c                NmSaveConfigErrorAck
 .text.NmFktIDsStatus
                0x8000815e        0x2 src/UserAdjustable/ns_cb_l2.o
                0x8000815e                NmFktIDsStatus
 .text.NmFktIDsError
                0x80008160        0x2 src/UserAdjustable/ns_cb_l2.o
                0x80008160                NmFktIDsError
 .text.NmSystemAvailStatus
                0x80008162        0x2 src/UserAdjustable/ns_cb_l2.o
                0x80008162                NmSystemAvailStatus
 .text.NmSystemAvailError
                0x80008164        0x2 src/UserAdjustable/ns_cb_l2.o
                0x80008164                NmSystemAvailError
 .text.NmFBlockInfoStatus
                0x80008166        0x2 src/UserAdjustable/ns_cb_l2.o
                0x80008166                NmFBlockInfoStatus
 .text.NmFBlockInfoError
                0x80008168        0x2 src/UserAdjustable/ns_cb_l2.o
                0x80008168                NmFBlockInfoError
 .text.NmVersionStatus
                0x8000816a        0x2 src/UserAdjustable/ns_cb_l2.o
                0x8000816a                NmVersionStatus
 .text.NmVersionError
                0x8000816c        0x2 src/UserAdjustable/ns_cb_l2.o
                0x8000816c                NmVersionError
 .text.NmOwnConfigInvalidResultAck
                0x8000816e        0x2 src/UserAdjustable/ns_cb_l2.o
                0x8000816e                NmOwnConfigInvalidResultAck
 .text.NmOwnConfigInvalidErrorAck
                0x80008170        0x2 src/UserAdjustable/ns_cb_l2.o
                0x80008170                NmOwnConfigInvalidErrorAck
 .text.ET_SharedRxTxMsgBuf_Query
                0x80008172        0x2 src/UserAdjustable/ns_cb_l2.o
                0x80008172                ET_SharedRxTxMsgBuf_Query
 .text.ET_AutoWakeup_Request
                0x80008174        0x2 src/UserAdjustable/ns_cb_l2.o
                0x80008174                ET_AutoWakeup_Request
 .text.ET_MOSTRemoteReset_Request
                0x80008176        0x2 src/UserAdjustable/ns_cb_l2.o
                0x80008176                ET_MOSTRemoteReset_Request
 .text.ET_PhysicalLayerTest_Status
                0x80008178        0x2 src/UserAdjustable/ns_cb_l2.o
                0x80008178                ET_PhysicalLayerTest_Status
 *fill*         0x8000817a        0x2 d703d703
 .text.ET_FBlockInfo_Query
                0x8000817c       0x88 src/UserAdjustable/ns_cb_l2.o
                                 0x8c (size before relaxing)
                0x8000817c                ET_FBlockInfo_Query
 .text.NbFBlockInfoGet
                0x80008204       0x88 src/UserAdjustable/ns_cb_l2.o
                                 0x8c (size before relaxing)
                0x80008204                NbFBlockInfoGet
 .text.ET_Reset_Request
                0x8000828c       0x38 src/UserAdjustable/ns_cb_l2.o
                                 0x44 (size before relaxing)
                0x8000828c                ET_Reset_Request
 .text.NbShutDownReasonStatus
                0x800082c4       0x10 src/UserAdjustable/ns_cb_l2.o
                                 0x14 (size before relaxing)
                0x800082c4                NbShutDownReasonStatus
 .text.ET_Shutdown_Request
                0x800082d4       0x9c src/UserAdjustable/ns_cb_l2.o
                                 0xb4 (size before relaxing)
                0x800082d4                ET_Shutdown_Request
 .text.NbGetDeviceInfo
                0x80008370      0x1d4 src/UserAdjustable/ns_cb_l2.o
                                0x1e4 (size before relaxing)
                0x80008370                NbGetDeviceInfo
 .text.CmdRxFilter
                0x80008544       0x10 src/UserAdjustable/ns_cb_l2.o
                                 0x14 (size before relaxing)
                0x80008544                CmdRxFilter
 .text.CmdUnknownFBlockShadow
                0x80008554       0x40 src/UserAdjustable/ns_cb_l2.o
                                 0x44 (size before relaxing)
                0x80008554                CmdUnknownFBlockShadow
 .text.flashc_set_bus_freq
                0x80008594       0x2e src/ASF/avr32/drivers/flashc/flashc.o
                0x80008594                flashc_set_bus_freq
 *fill*         0x800085c2        0x2 d703d703
 .text.gpio_enable_module_pin
                0x800085c4       0x9c src/ASF/avr32/drivers/gpio/gpio.o
                0x800085c4                gpio_enable_module_pin
 .text.gpio_enable_module
                0x80008660       0x28 src/ASF/avr32/drivers/gpio/gpio.o
                                 0x30 (size before relaxing)
                0x80008660                gpio_enable_module
 .text.gpio_enable_gpio_pin
                0x80008688       0x16 src/ASF/avr32/drivers/gpio/gpio.o
                0x80008688                gpio_enable_gpio_pin
 .text.gpio_get_pin_value
                0x8000869e       0x16 src/ASF/avr32/drivers/gpio/gpio.o
                0x8000869e                gpio_get_pin_value
 .text.gpio_set_gpio_pin
                0x800086b4       0x1a src/ASF/avr32/drivers/gpio/gpio.o
                0x800086b4                gpio_set_gpio_pin
 .text.gpio_clr_gpio_pin
                0x800086ce       0x1a src/ASF/avr32/drivers/gpio/gpio.o
                0x800086ce                gpio_clr_gpio_pin
 .text.gpio_tgl_gpio_pin
                0x800086e8       0x1a src/ASF/avr32/drivers/gpio/gpio.o
                0x800086e8                gpio_tgl_gpio_pin
 .text.gpio_enable_pin_interrupt
                0x80008702       0x4a src/ASF/avr32/drivers/gpio/gpio.o
                0x80008702                gpio_enable_pin_interrupt
 .text.gpio_get_pin_interrupt_flag
                0x8000874c       0x18 src/ASF/avr32/drivers/gpio/gpio.o
                0x8000874c                gpio_get_pin_interrupt_flag
 .text.gpio_clear_pin_interrupt_flag
                0x80008764       0x14 src/ASF/avr32/drivers/gpio/gpio.o
                0x80008764                gpio_clear_pin_interrupt_flag
 .text._unhandled_interrupt
                0x80008778        0x2 src/ASF/avr32/drivers/intc/intc.o
 *fill*         0x8000877a        0x2 d703d703
 .text.INTC_register_interrupt
                0x8000877c       0x88 src/ASF/avr32/drivers/intc/intc.o
                0x8000877c                INTC_register_interrupt
 .text.INTC_init_interrupts
                0x80008804       0x50 src/ASF/avr32/drivers/intc/intc.o
                0x80008804                INTC_init_interrupts
 .text._get_interrupt_handler
                0x80008854       0x38 src/ASF/avr32/drivers/intc/intc.o
                0x80008854                _get_interrupt_handler
 .text.scif_gc_setup
                0x8000888c       0x92 src/ASF/avr32/drivers/scif/scif_uc3c.o
                0x8000888c                scif_gc_setup
 .text.scif_gc_enable
                0x8000891e       0x1c src/ASF/avr32/drivers/scif/scif_uc3c.o
                0x8000891e                scif_gc_enable
 .text.usart_set_async_baudrate
                0x8000893a       0x5e src/ASF/avr32/drivers/usart/usart.o
 .text.usart_write_char
                0x80008998       0x14 src/ASF/avr32/drivers/usart/usart.o
                0x80008998                usart_write_char
 .text.usart_getchar
                0x800089ac       0x1a src/ASF/avr32/drivers/usart/usart.o
                0x800089ac                usart_getchar
 .text.usart_reset
                0x800089c6       0x2c src/ASF/avr32/drivers/usart/usart.o
                0x800089c6                usart_reset
 *fill*         0x800089f2        0x2 d703d703
 .text.usart_init_rs232
                0x800089f4       0xbc src/ASF/avr32/drivers/usart/usart.o
                                 0xc8 (size before relaxing)
                0x800089f4                usart_init_rs232
 .text._stext   0x80008ab0       0x50 src/ASF/avr32/utils/startup/startup_uc3.o
                0x80008ab0                _stext
 .text.osc_priv_enable_osc0
                0x80008b00       0x22 src/ASF/common/services/clock/uc3c/osc.o
                0x80008b00                osc_priv_enable_osc0
 .text.sysclk_set_source
                0x80008b22       0x1e src/ASF/common/services/clock/uc3c/sysclk.o
                0x80008b22                sysclk_set_source
 .text.sysclk_priv_enable_module
                0x80008b40       0x36 src/ASF/common/services/clock/uc3c/sysclk.o
                0x80008b40                sysclk_priv_enable_module
 *fill*         0x80008b76        0x2 d703d703
 .text.sysclk_init
                0x80008b78       0x24 src/ASF/common/services/clock/uc3c/sysclk.o
                                 0x34 (size before relaxing)
                0x80008b78                sysclk_init
 .text._read    0x80008b9c       0x40 src/ASF/common/utils/stdio/read.o
                0x80008b9c                _read
 .text._write   0x80008bdc       0x44 src/ASF/common/utils/stdio/write.o
                0x80008bdc                _write
 .text.MsgBcdToStr
                0x80008c20       0x3e src/L1/ams.o
                0x80008c20                MsgBcdToStr
 *fill*         0x80008c5e        0x2 d703d703
 .text.MsgVersionToISO8859
                0x80008c60       0x4c src/L1/ams.o
                                 0x58 (size before relaxing)
                0x80008c60                MsgVersionToISO8859
 .text.MsgNIStateNetInit
                0x80008cac       0x34 src/L1/ams.o
                                 0x3c (size before relaxing)
                0x80008cac                MsgNIStateNetInit
 .text.MsgRxError
                0x80008ce0       0x38 src/L1/ams.o
                                 0x3c (size before relaxing)
                0x80008ce0                MsgRxError
 .text.MsgHandleRetryError
                0x80008d18       0x70 src/L1/ams.o
                                 0x80 (size before relaxing)
                0x80008d18                MsgHandleRetryError
 .text.MsgHandleAbilityToSegmentError
                0x80008d88        0xc src/L1/ams.o
                                 0x10 (size before relaxing)
                0x80008d88                MsgHandleAbilityToSegmentError
 .text.MsgGetSegMode
                0x80008d94       0x4c src/L1/ams.o
                                 0x58 (size before relaxing)
                0x80008d94                MsgGetSegMode
 .text.MsgHandleMidLevelRetriesStatus
                0x80008de0       0x50 src/L1/ams.o
                                 0x64 (size before relaxing)
                0x80008de0                MsgHandleMidLevelRetriesStatus
 .text.MsgDiscardRx
                0x80008e30       0x48 src/L1/ams.o
                                 0x58 (size before relaxing)
                0x80008e30                MsgDiscardRx
 .text.MsgGetRxInPtrExt
                0x80008e78       0x24 src/L1/ams.o
                                 0x28 (size before relaxing)
                0x80008e78                MsgGetRxInPtrExt
 .text.MsgGetTxPtrExt
                0x80008e9c       0x28 src/L1/ams.o
                                 0x2c (size before relaxing)
                0x80008e9c                MsgGetTxPtrExt
 .text.MsgFreeRxMsg
                0x80008ec4       0x70 src/L1/ams.o
                                 0x84 (size before relaxing)
                0x80008ec4                MsgFreeRxMsg
 .text.MsgTxUnused
                0x80008f34       0x44 src/L1/ams.o
                                 0x50 (size before relaxing)
                0x80008f34                MsgTxUnused
 .text.MsgSetPendingEvent
                0x80008f78       0x14 src/L1/ams.o
                                 0x18 (size before relaxing)
                0x80008f78                MsgSetPendingEvent
 .text.MsgHandleRetryParamsStatus
                0x80008f8c       0x90 src/L1/ams.o
                                 0xa8 (size before relaxing)
                0x80008f8c                MsgHandleRetryParamsStatus
 .text.MsgNIStateNetOn
                0x8000901c       0x50 src/L1/ams.o
                                 0x60 (size before relaxing)
                0x8000901c                MsgNIStateNetOn
 .text.MsgRxOutTrigger
                0x8000906c      0x220 src/L1/ams.o
                                0x248 (size before relaxing)
 .text.MsgRxTrigger
                0x8000928c       0x8c src/L1/ams.o
                                 0xa4 (size before relaxing)
                0x8000928c                MsgRxTrigger
 .text.MsgRxInReady
                0x80009318       0x2c src/L1/ams.o
                                 0x38 (size before relaxing)
                0x80009318                MsgRxInReady
 .text.MsgTxFinal
                0x80009344      0x1e0 src/L1/ams.o
                                0x204 (size before relaxing)
                0x80009344                MsgTxFinal
 .text.MsgSend3
                0x80009524       0xc4 src/L1/ams.o
                                 0xe0 (size before relaxing)
                0x80009524                MsgSend3
 .text.MsgSendRetryParams
                0x800095e8       0xb0 src/L1/ams.o
                                 0xc8 (size before relaxing)
 .text.MsgRequestRetryParams
                0x80009698       0x5c src/L1/ams.o
                                 0x70 (size before relaxing)
 .text.MsgHandleRetryOptionsStatus
                0x800096f4        0x8 src/L1/ams.o
                                  0xc (size before relaxing)
                0x800096f4                MsgHandleRetryOptionsStatus
 .text.MsgForceSegMode
                0x800096fc       0x64 src/L1/ams.o
                                 0x78 (size before relaxing)
 .text.MsgHandleAbilityToSegmentStatus
                0x80009760       0x5c src/L1/ams.o
                                 0x78 (size before relaxing)
                0x80009760                MsgHandleAbilityToSegmentStatus
 .text.MsgForceMidLevelRetries
                0x800097bc       0x54 src/L1/ams.o
                                 0x68 (size before relaxing)
 .text.MsgRequestSegMode
                0x80009810       0x44 src/L1/ams.o
                                 0x54 (size before relaxing)
 .text.MsgSend2
                0x80009854      0x120 src/L1/ams.o
                                0x148 (size before relaxing)
                0x80009854                MsgSend2
 .text.MsgSend  0x80009974       0xa8 src/L1/ams.o
                                 0xbc (size before relaxing)
                0x80009974                MsgSend
 .text.MsgService
                0x80009a1c      0x1ec src/L1/ams.o
                                0x230 (size before relaxing)
                0x80009a1c                MsgService
 .text.MsgInit  0x80009c08       0xb0 src/L1/ams.o
                                 0xc4 (size before relaxing)
                0x80009c08                MsgInit
 .text.MbmPullHeaders
                0x80009cb8       0x14 src/L1/mbm.o
                0x80009cb8                MbmPullHeaders
 .text.MbmGetExtPayloadLen
                0x80009ccc       0x18 src/L1/mbm.o
                0x80009ccc                MbmGetExtPayloadLen
 .text._MbmMemAlloc
                0x80009ce4       0xa4 src/L1/mbm.o
 .text.MbmIsFromPool
                0x80009d88       0x20 src/L1/mbm.o
                0x80009d88                MbmIsFromPool
 .text.MbmGetHandleByMsgPtr
                0x80009da8        0x4 src/L1/mbm.o
                0x80009da8                MbmGetHandleByMsgPtr
 .text._MbmEnqueueBehind
                0x80009dac       0x40 src/L1/mbm.o
                                 0x44 (size before relaxing)
                0x80009dac                _MbmEnqueueBehind
 .text.MbmMemFree
                0x80009dec      0x180 src/L1/mbm.o
                                0x18c (size before relaxing)
                0x80009dec                MbmMemFree
 .text.MbmPush  0x80009f6c       0x3c src/L1/mbm.o
                                 0x40 (size before relaxing)
                0x80009f6c                MbmPush
 .text.MbmReserve
                0x80009fa8       0x64 src/L1/mbm.o
                                 0x68 (size before relaxing)
                0x80009fa8                MbmReserve
 .text._MbmUnlink
                0x8000a00c       0x48 src/L1/mbm.o
                                 0x4c (size before relaxing)
                0x8000a00c                _MbmUnlink
 .text._MbmPeek
                0x8000a054       0x2c src/L1/mbm.o
                                 0x30 (size before relaxing)
                0x8000a054                _MbmPeek
 .text.MbmDequeueLast
                0x8000a080       0x40 src/L1/mbm.o
                                 0x54 (size before relaxing)
                0x8000a080                MbmDequeueLast
 .text._MbmDequeue
                0x8000a0c0       0x38 src/L1/mbm.o
                                 0x44 (size before relaxing)
                0x8000a0c0                _MbmDequeue
 .text.MbmDequeue
                0x8000a0f8       0x38 src/L1/mbm.o
                                 0x4c (size before relaxing)
                0x8000a0f8                MbmDequeue
 .text._MbmEnqueueFirst
                0x8000a130       0x38 src/L1/mbm.o
                                 0x3c (size before relaxing)
                0x8000a130                _MbmEnqueueFirst
 .text.MbmEnqueueFirst
                0x8000a168       0x58 src/L1/mbm.o
                                 0x68 (size before relaxing)
                0x8000a168                MbmEnqueueFirst
 .text._MbmEnqueue
                0x8000a1c0       0x38 src/L1/mbm.o
                                 0x3c (size before relaxing)
                0x8000a1c0                _MbmEnqueue
 .text.MbmAllocate
                0x8000a1f8       0xa8 src/L1/mbm.o
                                 0xc8 (size before relaxing)
                0x8000a1f8                MbmAllocate
 .text.MbmGetBuf
                0x8000a2a0       0x1c src/L1/mbm.o
                                 0x20 (size before relaxing)
                0x8000a2a0                MbmGetBuf
 .text.MbmEnqueue
                0x8000a2bc       0x58 src/L1/mbm.o
                                 0x68 (size before relaxing)
                0x8000a2bc                MbmEnqueue
 .text.MbmQueueInit
                0x8000a314       0x30 src/L1/mbm.o
                                 0x34 (size before relaxing)
                0x8000a314                MbmQueueInit
 .text.MbmFree2
                0x8000a344       0x84 src/L1/mbm.o
                                 0x98 (size before relaxing)
                0x8000a344                MbmFree2
 .text.MbmInit  0x8000a3c8       0xa0 src/L1/mbm.o
                                 0xb8 (size before relaxing)
                0x8000a3c8                MbmInit
 .text.MbmGetBufLength
                0x8000a468       0x4c src/L1/mbm.o
                                 0x50 (size before relaxing)
                0x8000a468                MbmGetBufLength
 .text.MbmGetBufData
                0x8000a4b4       0x2c src/L1/mbm.o
                                 0x30 (size before relaxing)
                0x8000a4b4                MbmGetBufData
 .text.MbmFlush
                0x8000a4e0       0x34 src/L1/mbm.o
                                 0x44 (size before relaxing)
                0x8000a4e0                MbmFlush
 .text.MbmChangeType
                0x8000a514      0x1d0 src/L1/mbm.o
                                0x1e4 (size before relaxing)
                0x8000a514                MbmChangeType
 .text.MisGetResetCount
                0x8000a6e4        0xc src/L1/mis.o
                0x8000a6e4                MisGetResetCount
 .text.MisSetResetCount
                0x8000a6f0        0xc src/L1/mis.o
                0x8000a6f0                MisSetResetCount
 .text.MisFilterMostMsg
                0x8000a6fc      0x188 src/L1/mis.o
                                0x19c (size before relaxing)
                0x8000a6fc                MisFilterMostMsg
 .text.MisSetPendingEvent
                0x8000a884       0x14 src/L1/mis.o
                                 0x18 (size before relaxing)
                0x8000a884                MisSetPendingEvent
 .text.MisResetInic
                0x8000a898        0x8 src/L1/mis.o
                                 0x10 (size before relaxing)
                0x8000a898                MisResetInic
 .text.MisHandlePmsEvent
                0x8000a8a0       0x58 src/L1/mis.o
                                 0x64 (size before relaxing)
 .text.MisService
                0x8000a8f8      0x14c src/L1/mis.o
                                0x170 (size before relaxing)
                0x8000a8f8                MisService
 .text.MisInit  0x8000aa44       0xe8 src/L1/mis.o
                                0x110 (size before relaxing)
                0x8000aa44                MisInit
 .text.MisHandleMostMsg
                0x8000ab2c       0x24 src/L1/mis.o
                                 0x34 (size before relaxing)
 .text.MisHandleInicMsg
                0x8000ab50      0x144 src/L1/mis.o
                                0x160 (size before relaxing)
 .text.MisHandlePacketData
                0x8000ac94       0x5c src/L1/mis.o
                                 0x70 (size before relaxing)
 .text.MisHandleBufFreed
                0x8000acf0        0xc src/L1/mis.o
                                 0x10 (size before relaxing)
 .text.MnsDistribEvent
                0x8000acfc       0x6c src/L1/mns.o
                0x8000acfc                MnsDistribEvent
 .text.MnsMemSet
                0x8000ad68       0x26 src/L1/mns.o
                0x8000ad68                MnsMemSet
 *fill*         0x8000ad8e        0x2 d703d703
 .text.GetNetServicesConfig
                0x8000ad90       0x60 src/L1/mns.o
                0x8000ad90                GetNetServicesConfig
 .text.MnsGetWatchdogKickTimeout
                0x8000adf0       0x30 src/L1/mns.o
                                 0x38 (size before relaxing)
                0x8000adf0                MnsGetWatchdogKickTimeout
 .text.MnsSignalNetOn
                0x8000ae20       0x1c src/L1/mns.o
                                 0x24 (size before relaxing)
                0x8000ae20                MnsSignalNetOn
 .text.MostGetRevision
                0x8000ae3c       0x30 src/L1/mns.o
                                 0x38 (size before relaxing)
                0x8000ae3c                MostGetRevision
 .text.MnsNtfCheck
                0x8000ae6c       0x48 src/L1/mns.o
                                 0x58 (size before relaxing)
                0x8000ae6c                MnsNtfCheck
 .text.MostIsSupported
                0x8000aeb4       0x3c src/L1/mns.o
                                 0x44 (size before relaxing)
                0x8000aeb4                MostIsSupported
 .text.MnsGetEHCIState
                0x8000aef0       0x20 src/L1/mns.o
                                 0x28 (size before relaxing)
                0x8000aef0                MnsGetEHCIState
 .text.MnsIsNSInitComplete
                0x8000af10       0x2c src/L1/mns.o
                                 0x34 (size before relaxing)
                0x8000af10                MnsIsNSInitComplete
 .text.MnsTMDiff
                0x8000af3c       0x64 src/L1/mns.o
                                 0x68 (size before relaxing)
 .text.MnsTMHandleEvent
                0x8000afa0      0x100 src/L1/mns.o
                                0x110 (size before relaxing)
                0x8000afa0                MnsTMHandleEvent
 .text.MostCheckTimers
                0x8000b0a0        0x8 src/L1/mns.o
                                 0x10 (size before relaxing)
                0x8000b0a0                MostCheckTimers
 .text.MostSetTimer
                0x8000b0a8       0x50 src/L1/mns.o
                                 0x60 (size before relaxing)
                0x8000b0a8                MostSetTimer
 .text.MnsMemCpy
                0x8000b0f8       0x40 src/L1/mns.o
                                 0x44 (size before relaxing)
                0x8000b0f8                MnsMemCpy
 .text.MostGetVersionInfo
                0x8000b138       0x5c src/L1/mns.o
                                 0x74 (size before relaxing)
                0x8000b138                MostGetVersionInfo
 .text.MostRegisterTimer
                0x8000b194       0x74 src/L1/mns.o
                                 0x80 (size before relaxing)
                0x8000b194                MostRegisterTimer
 .text.MostGetTimer
                0x8000b208       0x34 src/L1/mns.o
                                 0x40 (size before relaxing)
                0x8000b208                MostGetTimer
 .text.MnsGetNextEventFlagToCall
                0x8000b23c       0xcc src/L1/mns.o
                                 0xd8 (size before relaxing)
                0x8000b23c                MnsGetNextEventFlagToCall
 .text.MnsSetPendingService
                0x8000b308       0x74 src/L1/mns.o
                                 0x80 (size before relaxing)
                0x8000b308                MnsSetPendingService
 .text.MnsSetPendingEventFlag
                0x8000b37c       0x64 src/L1/mns.o
                                 0x78 (size before relaxing)
                0x8000b37c                MnsSetPendingEventFlag
 .text.MnsSetPendingEvent
                0x8000b3e0       0x14 src/L1/mns.o
                                 0x18 (size before relaxing)
 .text.MnsRequestLayer2
                0x8000b3f4       0x24 src/L1/mns.o
                                 0x30 (size before relaxing)
                0x8000b3f4                MnsRequestLayer2
 .text.MnsReportError
                0x8000b418       0xb8 src/L1/mns.o
                                 0xcc (size before relaxing)
                0x8000b418                MnsReportError
 .text.MnsHandleError
                0x8000b4d0       0x8c src/L1/mns.o
                                 0x98 (size before relaxing)
                0x8000b4d0                MnsHandleError
 .text.MnsStopLayer2
                0x8000b55c       0x38 src/L1/mns.o
                                 0x48 (size before relaxing)
                0x8000b55c                MnsStopLayer2
 .text.MnsStartLayer2
                0x8000b594       0x20 src/L1/mns.o
                                 0x24 (size before relaxing)
                0x8000b594                MnsStartLayer2
 .text.MnsPMReady
                0x8000b5b4       0x24 src/L1/mns.o
                                 0x28 (size before relaxing)
                0x8000b5b4                MnsPMReady
 .text.MnsCheckHigherLayers
                0x8000b5d8       0x54 src/L1/mns.o
                                 0x78 (size before relaxing)
                0x8000b5d8                MnsCheckHigherLayers
 .text.MnsEnforceRemoteAccess
                0x8000b62c       0x64 src/L1/mns.o
                                 0x74 (size before relaxing)
 .text.MnsForceProtected
                0x8000b690       0x48 src/L1/mns.o
                                 0x58 (size before relaxing)
                0x8000b690                MnsForceProtected
 .text.StopNetServices
                0x8000b6d8       0x20 src/L1/mns.o
                                 0x2c (size before relaxing)
                0x8000b6d8                StopNetServices
 .text.MnsRequestEHCIState
                0x8000b6f8       0x44 src/L1/mns.o
                                 0x54 (size before relaxing)
                0x8000b6f8                MnsRequestEHCIState
 .text.MnsCheckWatchdogMode
                0x8000b73c       0xc0 src/L1/mns.o
                                 0xd0 (size before relaxing)
 .text.MnsResetComplete
                0x8000b7fc       0xc0 src/L1/mns.o
                                 0xdc (size before relaxing)
 .text.MnsServiceInitComplete
                0x8000b8bc      0x110 src/L1/mns.o
                                0x12c (size before relaxing)
                0x8000b8bc                MnsServiceInitComplete
 .text.MnsHandleVersionInfo
                0x8000b9cc      0x1cc src/L1/mns.o
                                0x1ec (size before relaxing)
                0x8000b9cc                MnsHandleVersionInfo
 .text.MnsFireWatchdogTrigger
                0x8000bb98       0x90 src/L1/mns.o
                                 0xa8 (size before relaxing)
 .text.MnsHandleWatchdogModeStatus
                0x8000bc28      0x104 src/L1/mns.o
                                0x120 (size before relaxing)
                0x8000bc28                MnsHandleWatchdogModeStatus
 .text.MnsWDTxComplete
                0x8000bd2c       0x58 src/L1/mns.o
                                 0x68 (size before relaxing)
 .text.MnsHandleEHCIStateStatus
                0x8000bd84      0x184 src/L1/mns.o
                                0x1b8 (size before relaxing)
                0x8000bd84                MnsHandleEHCIStateStatus
 .text.MnsEHCIGoSemiProtected
                0x8000bf08       0x80 src/L1/mns.o
                                 0x9c (size before relaxing)
 .text.InitNetServices
                0x8000bf88      0x288 src/L1/mns.o
                                0x2bc (size before relaxing)
                0x8000bf88                InitNetServices
 .text.MostService
                0x8000c210      0x640 src/L1/mns.o
                                0x6d0 (size before relaxing)
                0x8000c210                MostService
 .text.PmsPrepareReInit
                0x8000c850       0x2c src/L1/pms.o
                0x8000c850                PmsPrepareReInit
 .text.PmsFillDefaultHeader
                0x8000c87c       0x74 src/L1/pms.o
                                 0x7c (size before relaxing)
 .text.PmsInsertRetryValues
                0x8000c8f0       0x44 src/L1/pms.o
                                 0x50 (size before relaxing)
                0x8000c8f0                PmsInsertRetryValues
 .text.PmsHandleMidLevelRetriesStatus
                0x8000c934       0x3c src/L1/pms.o
                                 0x48 (size before relaxing)
                0x8000c934                PmsHandleMidLevelRetriesStatus
 .text.PmsHandleRetryParamsStatus
                0x8000c970       0x3c src/L1/pms.o
                                 0x48 (size before relaxing)
                0x8000c970                PmsHandleRetryParamsStatus
 .text.PmsGetFifoInterface
                0x8000c9ac       0x68 src/L1/pms.o
                                 0x74 (size before relaxing)
                0x8000c9ac                PmsGetFifoInterface
 .text.PmsSetPendingEvent
                0x8000ca14       0x14 src/L1/pms.o
                                 0x18 (size before relaxing)
                0x8000ca14                PmsSetPendingEvent
 .text.PmsSegErrorTxStatus
                0x8000ca28       0x2c src/L1/pms.o
                                 0x34 (size before relaxing)
 .text.PmsSendCommand
                0x8000ca54       0xb0 src/L1/pms.o
                                 0xc4 (size before relaxing)
 .text.PmsSyncHandler
                0x8000cb04      0x140 src/L1/pms.o
                                0x158 (size before relaxing)
 .text.PmsRx    0x8000cc44       0x50 src/L1/pms.o
                                 0x5c (size before relaxing)
                0x8000cc44                PmsRx
 .text._PmsCompressHeaderMCM
                0x8000cc94      0x154 src/L1/pms.o
                                0x158 (size before relaxing)
 .text.PmsGetBuf
                0x8000cde8       0x90 src/L1/pms.o
                                 0x9c (size before relaxing)
                0x8000cde8                PmsGetBuf
 .text.PmsFifoInit
                0x8000ce78       0x8c src/L1/pms.o
                                 0x94 (size before relaxing)
 .text.PmsGetRxBuf
                0x8000cf04       0x54 src/L1/pms.o
                                 0x60 (size before relaxing)
                0x8000cf04                PmsGetRxBuf
 .text.MbmFree  0x8000cf58      0x1d4 src/L1/pms.o
                                0x1fc (size before relaxing)
                0x8000cf58                MbmFree
 .text.PmsFlushMsgTxBuffer
                0x8000d12c       0xb0 src/L1/pms.o
                                 0xd4 (size before relaxing)
                0x8000d12c                PmsFlushMsgTxBuffer
 .text.PmsSendBypass
                0x8000d1dc      0x25c src/L1/pms.o
                                0x27c (size before relaxing)
                0x8000d1dc                PmsSendBypass
 .text.PmsSend  0x8000d438       0x2c src/L1/pms.o
                                 0x38 (size before relaxing)
                0x8000d438                PmsSend
 .text.PmsDiscardRx
                0x8000d464       0x8c src/L1/pms.o
                                 0xa0 (size before relaxing)
                0x8000d464                PmsDiscardRx
 .text.PmsRxSegError
                0x8000d4f0       0x30 src/L1/pms.o
                                 0x38 (size before relaxing)
 .text.PmsFifoProcessStatus
                0x8000d520      0x398 src/L1/pms.o
                                0x3d8 (size before relaxing)
 .text.PmsService
                0x8000d8b8     0x1104 src/L1/pms.o
                               0x1180 (size before relaxing)
                0x8000d8b8                PmsService
 .text.PmsSetFifoInterface
                0x8000e9bc       0xe4 src/L1/pms.o
                                 0xfc (size before relaxing)
                0x8000e9bc                PmsSetFifoInterface
 .text.PmsInit  0x8000eaa0      0x208 src/L1/pms.o
                                0x238 (size before relaxing)
                0x8000eaa0                PmsInit
 .text.PmsTxRelease
                0x8000eca8      0x2e4 src/L1/pms.o
                                0x30c (size before relaxing)
                0x8000eca8                PmsTxRelease
 .text.VmsvGetNCStateShutdown
                0x8000ef8c       0x10 src/L1/vmsv.o
                0x8000ef8c                VmsvGetNCStateShutdown
 .text.VmsvPhysicalLayerTestActive
                0x8000ef9c       0x28 src/L1/vmsv.o
                                 0x30 (size before relaxing)
                0x8000ef9c                VmsvPhysicalLayerTestActive
 .text.VmsvPhysicalLayerTestResult
                0x8000efc4       0x38 src/L1/vmsv.o
                                 0x40 (size before relaxing)
                0x8000efc4                VmsvPhysicalLayerTestResult
 .text.VmsvHandleFBlockIDsGet
                0x8000effc       0x30 src/L1/vmsv.o
                                 0x38 (size before relaxing)
                0x8000effc                VmsvHandleFBlockIDsGet
 .text.MostGetNCState
                0x8000f02c       0x20 src/L1/vmsv.o
                                 0x28 (size before relaxing)
                0x8000f02c                MostGetNCState
 .text.MostGetDevMode
                0x8000f04c       0x20 src/L1/vmsv.o
                                 0x28 (size before relaxing)
                0x8000f04c                MostGetDevMode
 .text.VmsvRequestNIWakeUpMode
                0x8000f06c       0x44 src/L1/vmsv.o
                                 0x54 (size before relaxing)
 .text.VmsvResetINICSSOResult
                0x8000f0b0       0x48 src/L1/vmsv.o
                                 0x58 (size before relaxing)
 .text.VmsvResetSSOResult
                0x8000f0f8       0x30 src/L1/vmsv.o
                                 0x3c (size before relaxing)
                0x8000f0f8                VmsvResetSSOResult
 .text.VmsvRequestNetOnTime
                0x8000f128       0x44 src/L1/vmsv.o
                                 0x54 (size before relaxing)
 .text.VmsvSetNIWakeUpMode
                0x8000f16c       0x64 src/L1/vmsv.o
                                 0x74 (size before relaxing)
 .text.VmsvRequestSysErrMonitor
                0x8000f1d0       0x44 src/L1/vmsv.o
                                 0x54 (size before relaxing)
 .text.MostSetDevMode
                0x8000f214       0x44 src/L1/vmsv.o
                                 0x4c (size before relaxing)
                0x8000f214                MostSetDevMode
 .text.VmsvHandleCodingErrorsStatus
                0x8000f258       0x50 src/L1/vmsv.o
                                 0x5c (size before relaxing)
                0x8000f258                VmsvHandleCodingErrorsStatus
 .text.VmsvHandleNIWakeupModeError
                0x8000f2a8       0x48 src/L1/vmsv.o
                                 0x50 (size before relaxing)
                0x8000f2a8                VmsvHandleNIWakeupModeError
 .text.VmsvHandleNIWakeupModeStatus
                0x8000f2f0       0x3c src/L1/vmsv.o
                                 0x48 (size before relaxing)
                0x8000f2f0                VmsvHandleNIWakeupModeStatus
 .text.VmsvHandleSSOResultError
                0x8000f32c       0x1c src/L1/vmsv.o
                                 0x20 (size before relaxing)
                0x8000f32c                VmsvHandleSSOResultError
 .text.VmsvHandleSSOResultStatus
                0x8000f348       0x84 src/L1/vmsv.o
                                 0x90 (size before relaxing)
                0x8000f348                VmsvHandleSSOResultStatus
 .text.VmsvHandleNetOnTimerError
                0x8000f3cc       0x4c src/L1/vmsv.o
                                 0x58 (size before relaxing)
                0x8000f3cc                VmsvHandleNetOnTimerError
 .text.VmsvHandleNetOnTimerStatus
                0x8000f418       0x5c src/L1/vmsv.o
                                 0x68 (size before relaxing)
                0x8000f418                VmsvHandleNetOnTimerStatus
 .text.VmsvHandleDiagResult
                0x8000f474       0x9c src/L1/vmsv.o
                                 0xb0 (size before relaxing)
                0x8000f474                VmsvHandleDiagResult
 .text.VmsvHandleNWShutdownError
                0x8000f510       0x4c src/L1/vmsv.o
                                 0x50 (size before relaxing)
                0x8000f510                VmsvHandleNWShutdownError
 .text.VmsvHandleNWStartupError
                0x8000f55c       0x4c src/L1/vmsv.o
                                 0x50 (size before relaxing)
                0x8000f55c                VmsvHandleNWStartupError
 .text.VmsvRegisterInternalHooks
                0x8000f5a8       0x40 src/L1/vmsv.o
                                 0x4c (size before relaxing)
                0x8000f5a8                VmsvRegisterInternalHooks
 .text.VmsvHandleNCEDelayedChange
                0x8000f5e8       0xc0 src/L1/vmsv.o
                                 0xcc (size before relaxing)
 .text.VmsvReportNetOn
                0x8000f6a8       0x68 src/L1/vmsv.o
                                 0x74 (size before relaxing)
 .text.VmsvPhysicalLayerTestStart
                0x8000f710       0xbc src/L1/vmsv.o
                                 0xd8 (size before relaxing)
                0x8000f710                VmsvPhysicalLayerTestStart
 .text.VmsvGetSSOResult
                0x8000f7cc       0x98 src/L1/vmsv.o
                                 0xa8 (size before relaxing)
                0x8000f7cc                VmsvGetSSOResult
 .text.VmsvBroadcastRBDResult
                0x8000f864      0x10c src/L1/vmsv.o
                                0x124 (size before relaxing)
 .text.VmsvInjectCfgState
                0x8000f970       0x80 src/L1/vmsv.o
                                 0x90 (size before relaxing)
 .text.VmsvTxFilter
                0x8000f9f0      0x100 src/L1/vmsv.o
                                0x114 (size before relaxing)
                0x8000f9f0                VmsvTxFilter
 .text.VmsvInjectFBlockIDsGet
                0x8000faf0       0x64 src/L1/vmsv.o
                                 0x74 (size before relaxing)
 .text.VmsvHandleNCStateChange
                0x8000fb54       0x58 src/L1/vmsv.o
                                 0x64 (size before relaxing)
 .text.VmsvHandleConfigStatus
                0x8000fbac       0x68 src/L1/vmsv.o
                                 0x84 (size before relaxing)
                0x8000fbac                VmsvHandleConfigStatus
 .text.VmsvRxFilter
                0x8000fc14       0x60 src/L1/vmsv.o
                                 0x70 (size before relaxing)
                0x8000fc14                VmsvRxFilter
 .text.VmsvHandleNCStateStatus
                0x8000fc74       0xa0 src/L1/vmsv.o
                                 0xbc (size before relaxing)
                0x8000fc74                VmsvHandleNCStateStatus
 .text.VmsvCheckForNpr
                0x8000fd14       0x68 src/L1/vmsv.o
                                 0x78 (size before relaxing)
 .text.VmsvRefreshNodePos
                0x8000fd7c       0x40 src/L1/vmsv.o
                                 0x50 (size before relaxing)
                0x8000fd7c                VmsvRefreshNodePos
 .text.MostGetState
                0x8000fdbc       0x80 src/L1/vmsv.o
                                 0xa0 (size before relaxing)
                0x8000fdbc                MostGetState
 .text.VmsvSetPendingEvent
                0x8000fe3c       0x14 src/L1/vmsv.o
                                 0x18 (size before relaxing)
                0x8000fe3c                VmsvSetPendingEvent
 .text.MostEmergencyCondition
                0x8000fe50       0x5c src/L1/vmsv.o
                                 0x74 (size before relaxing)
                0x8000fe50                MostEmergencyCondition
 .text.VmsvPhysicalLayerTestTxFinal
                0x8000feac       0x38 src/L1/vmsv.o
                                 0x48 (size before relaxing)
 .text.VmsvHandleSysErrMonitorStatus
                0x8000fee4       0x78 src/L1/vmsv.o
                                 0x88 (size before relaxing)
                0x8000fee4                VmsvHandleSysErrMonitorStatus
 .text.VmsvHandlePMIStateStatus
                0x8000ff5c       0x6c src/L1/vmsv.o
                                 0x84 (size before relaxing)
                0x8000ff5c                VmsvHandlePMIStateStatus
 .text.VmsvHandleRBDResultStatus
                0x8000ffc8       0x78 src/L1/vmsv.o